<html>
<body>
<pre>
<h1>µVision Build Log</h1>
<h2>Project:</h2>
C:\Users\Joao Antonio\Documents\embarcados\projeto\embarcados.uvproj
Project File Date:  05/04/2016

<h2>Output:</h2>
Build target 'Target 1'
compiling main.c...
main.c(126): warning:  #111-D: statement is unreachable
        return 0;
main.c: 1 warning, 0 errors
linking...
.\embarcados.axf: Warning: L6914W: option ropi ignored when using --scatter.
.\embarcados.axf: Warning: L6914W: option rwpi ignored when using --scatter.
Program Size: Code=1268 RO-data=32 RW-data=8 ZI-data=1256  
Finished: 0 information, 2 warning and 0 error messages.
FromELF: creating hex file...
".\embarcados.axf" - 0 Error(s), 3 Warning(s).
Load "C:\\Users\\Joao Antonio\\Documents\\embarcados\\projeto\\embarcados.axf" 
Internal DLL Error
Error: Flash Download failed  -  Target DLL has been cancelled
</pre>
</body>
</html>
