<html>
<body>
<pre>
<h1>µVision Build Log</h1>
<h2>Project:</h2>
C:\Users\Usuario 2\Documents\semaforo_embarcados\embarcados.uvproj
Project File Date:  05/04/2016

<h2>Output:</h2>
Build target 'Target 1'
linking...
.\embarcados.axf: Warning: L6914W: option ropi ignored when using --scatter.
.\embarcados.axf: Warning: L6914W: option rwpi ignored when using --scatter.
Program Size: Code=1268 RO-data=32 RW-data=8 ZI-data=1256  
Finished: 0 information, 2 warning and 0 error messages.
FromELF: creating hex file...
".\embarcados.axf" - 0 Error(s), 2 Warning(s).
Load "C:\\Users\\Usuario 2\\Documents\\semaforo_embarcados\\embarcados.axf" 
Full Chip Erase Done.
Programming Done.
Verify OK.
</pre>
</body>
</html>
cados.axf" - 0 Error(s), 3 Warning(s).
